make -C ../../../src/port all
make[1]: Entering directory `/home/sparkadmin/project/pqsql/src/port'
make -C ../backend submake-errcodes
make[2]: Entering directory `/home/sparkadmin/project/pqsql/src/backend'
make[2]: Nothing to be done for `submake-errcodes'.
make[2]: Leaving directory `/home/sparkadmin/project/pqsql/src/backend'
make[1]: Leaving directory `/home/sparkadmin/project/pqsql/src/port'
make -C ../../../src/common all
make[1]: Entering directory `/home/sparkadmin/project/pqsql/src/common'
make -C ../backend submake-errcodes
make[2]: Entering directory `/home/sparkadmin/project/pqsql/src/backend'
make[2]: Nothing to be done for `submake-errcodes'.
make[2]: Leaving directory `/home/sparkadmin/project/pqsql/src/backend'
make[1]: Leaving directory `/home/sparkadmin/project/pqsql/src/common'
make -C ../../../contrib/spi
make[1]: Entering directory `/home/sparkadmin/project/pqsql/contrib/spi'
make[1]: Nothing to be done for `all'.
make[1]: Leaving directory `/home/sparkadmin/project/pqsql/contrib/spi'
rm -rf ./testtablespace
mkdir ./testtablespace
rm -rf '/home/sparkadmin/project/pqsql'/tmp_install
/bin/mkdir -p '/home/sparkadmin/project/pqsql'/tmp_install/log
make -C '../../..' DESTDIR='/home/sparkadmin/project/pqsql'/tmp_install install >'/home/sparkadmin/project/pqsql'/tmp_install/log/install.log 2>&1
PATH="/home/sparkadmin/project/pqsql/tmp_install/usr/local/pgsql/bin:$PATH" LD_LIBRARY_PATH="/home/sparkadmin/project/pqsql/tmp_install/usr/local/pgsql/lib" ../../../src/test/regress/pg_regress --inputdir=. --temp-instance=./tmp_check --bindir=    --dlpath=.  --schedule=./parallel_schedule   
============== removing existing temp instance        ==============
could not remove file or directory "/home/sparkadmin/project/pqsql/src/test/regress/./tmp_check/data/base/16384": Directory not empty
could not remove file or directory "/home/sparkadmin/project/pqsql/src/test/regress/./tmp_check/data/base": Directory not empty
could not remove file or directory "/home/sparkadmin/project/pqsql/src/test/regress/./tmp_check/data": Directory not empty
could not remove file or directory "/home/sparkadmin/project/pqsql/src/test/regress/./tmp_check": Directory not empty

pg_regress: could not remove temp instance "/home/sparkadmin/project/pqsql/src/test/regress/./tmp_check"
make: *** [check] Error 2
