CREATE OR REPLACE FUNCTION alter_op_test_fn(boolean, boolean)
RETURNS boolean AS $$ SELECT NULL::BOOLEAN; $$ LANGUAGE sql IMMUTABLE;
CREATE OPERATOR === (
    LEFTARG = boolean,
    RIGHTARG = boolean,
    PROCEDURE = alter_op_test_fn,
    COMMUTATOR = ===,
    NEGATOR = !==,
    RESTRICT = contsel,
    JOIN = contjoinsel,
    HASHES, MERGES
);
--
-- Reset and set params
--
ALTER OPERATOR === (boolean, boolean) SET (RESTRICT = NONE);
ALTER OPERATOR === (boolean, boolean) SET (JOIN = NONE);
SELECT oprrest, oprjoin FROM pg_operator WHERE oprname = '==='
  AND oprleft = 'boolean'::regtype AND oprright = 'boolean'::regtype;
 oprrest | oprjoin 
---------+---------
 -       | -
(1 row)

ALTER OPERATOR === (boolean, boolean) SET (RESTRICT = contsel);
ALTER OPERATOR === (boolean, boolean) SET (JOIN = contjoinsel);
SELECT oprrest, oprjoin FROM pg_operator WHERE oprname = '==='
  AND oprleft = 'boolean'::regtype AND oprright = 'boolean'::regtype;
 oprrest |   oprjoin   
---------+-------------
 contsel | contjoinsel
(1 row)

ALTER OPERATOR === (boolean, boolean) SET (RESTRICT = NONE, JOIN = NONE);
SELECT oprrest, oprjoin FROM pg_operator WHERE oprname = '==='
  AND oprleft = 'boolean'::regtype AND oprright = 'boolean'::regtype;
 oprrest | oprjoin 
---------+---------
 -       | -
(1 row)

ALTER OPERATOR === (boolean, boolean) SET (RESTRICT = contsel, JOIN = contjoinsel);
SELECT oprrest, oprjoin FROM pg_operator WHERE oprname = '==='
  AND oprleft = 'boolean'::regtype AND oprright = 'boolean'::regtype;
 oprrest |   oprjoin   
---------+-------------
 contsel | contjoinsel
(1 row)

--
-- Test invalid options.
--
ALTER OPERATOR === (boolean, boolean) SET (COMMUTATOR = ====);
ERROR:  operator attribute "commutator" can not be changed
ALTER OPERATOR === (boolean, boolean) SET (NEGATOR = ====);
ERROR:  operator attribute "negator" can not be changed
ALTER OPERATOR === (boolean, boolean) SET (RESTRICT = non_existent_func);
ERROR:  function non_existent_func(internal, oid, internal, integer) does not exist
ALTER OPERATOR === (boolean, boolean) SET (JOIN = non_existent_func);
ERROR:  function non_existent_func(internal, oid, internal, smallint, internal) does not exist
ALTER OPERATOR === (boolean, boolean) SET (COMMUTATOR = !==);
ERROR:  operator attribute "commutator" can not be changed
ALTER OPERATOR === (boolean, boolean) SET (NEGATOR = !==);
ERROR:  operator attribute "negator" can not be changed
--
-- Test permission check. Must be owner to ALTER OPERATOR.
--
CREATE USER regtest_alter_user;
SET SESSION AUTHORIZATION regtest_alter_user;
ALTER OPERATOR === (boolean, boolean) SET (RESTRICT = NONE);
ERROR:  must be owner of operator ===
-- Clean up
RESET SESSION AUTHORIZATION;
DROP USER regtest_alter_user;
DROP OPERATOR === (boolean, boolean);
